<html>
<body>
<pre>
<h1>µVision Build Log</h1>
<h2>Tool Versions:</h2>
IDE-Version: ¦ÌVision V5.28.0.0
Copyright (C) 2019 ARM Ltd and ARM Germany GmbH. All rights reserved.
License Information: wh z, nul, LIC=585FJ-UWMVV-JJA6S-LXF02-TB5K1-8UEPM
 
Tool Versions:
Toolchain:       MDK-ARM Plus  Version: 5.28.0.0
Toolchain Path:  D:\Keli_v5\ARM\ARMCLANG\Bin
C Compiler:      ArmClang.exe V6.12
Assembler:       Armasm.exe V6.12
Linker/Locator:  ArmLink.exe V6.12
Library Manager: ArmAr.exe V6.12
Hex Converter:   FromElf.exe V6.12
CPU DLL:         SARMCM3.DLL V5.28.0.0
Dialog DLL:      DCM.DLL V1.17.3.0
Target DLL:      CMSIS_AGDI.dll V1.31.18.0
Dialog DLL:      TCM.DLL V1.36.2.0
 
<h2>Project:</h2>
D:\ZWH\718\IV\proj\Intelligent Vision 07.14_test\project\mdk\rt1064.uvprojx
Project File Date:  07/11/2023

<h2>Output:</h2>
*** Using Compiler 'V6.12', folder: 'D:\Keli_v5\ARM\ARMCLANG\Bin'
Build target 'nor_sdram_zf_dtcm'
compiling main.c...
compiling encoder.c...
compiling isr.c...
compiling temp.c...
compiling include.c...
compiling test.c...
compiling greedy_algorithm.c...
compiling arttongxin.c...
compiling gyro.c...
compiling servo.c...
compiling zf_driver_uart.c...
compiling zf_common_debug.c...
compiling motor.c...
compiling pid.c...
compiling it_handler.c...
compiling camera.c...
compiling Location.c...
compiling sweeping_search.c...
compiling communicate.c...
linking...
Program Size: Code=75904 RO-data=13884 RW-data=1412 ZI-data=394972  
".\Objects\rt1064.axf" - 0 Error(s), 0 Warning(s).

<h2>Software Packages used:</h2>

Package Vendor: NXP
                https://mcuxpresso.nxp.com/cmsis_pack/repo/NXP.MIMXRT1064_DFP.15.0.0.pack
                NXP.MIMXRT1064_DFP.15.0.0
                Device Family Pack for MIMXRT1064

<h2>Collection of Component include folders:</h2>
  .\RTE\_nor_sdram_zf_dtcm
  D:\Users\ZWH\AppData\Local\NXP\MIMXRT1064_DFP\15.0.0

<h2>Collection of Component Files used:</h2>
Build Time Elapsed:  00:00:02
</pre>
</body>
</html>
